// Jest Snapshot v1, https://goo.gl/fbAQLP

exports[`Footer renders correctly 1`] = `
<footer
  className="sc-bczRLJ fiqhuZ"
>
  <section
    className="section"
    id="Footer"
  >
    <div
      className="container"
    >
      <div
        className="row"
      >
        <div
          className="col-sm-8 offset-sm-2 col-md-12 offset-md-0"
        >
          <div
            className="row"
          >
            <div
              className="sc-dkzDqf ksjPNj col-8 offset-2 col-md-3 offset-md-0 col-lg-2 order-12 order-md-0 pad-md-right align-self-center"
            >
              <img
                alt="Postman"
                className="footer-img mb-5"
                src="https://voyager.postman.com/illustration/postman-footer-rocket-launch.svg"
              />
              <span
                className="col-12 d-none d-md-block copyright"
              >
                Â© 2023 Postman, Inc.
              </span>
            </div>
            <div
              className="col-6 col-md-2 offset-md-1 col-lg-2 offset-lg-2 order-1 order-md-2 mb-5"
            >
              <nav
                aria-labelledby="product"
              >
                <h2
                  className="footer-col-title"
                  id="product"
                >
                  Product
                </h2>
                <ul
                  className="sc-gsnTZi kIEZAF column"
                >
                  <li
                    className="column-row"
                  >
                    <a
                      className="column-link"
                      href="https://www.postman.com/product/what-is-postman/"
                      onClick={[Function]}
                      rel={null}
                      target={null}
                    >
                      What is Postman?
                    </a>
                  </li>
                  <li
                    className="column-row"
                  >
                    <a
                      className="column-link"
                      href="https://www.postman.com/product/api-repository/"
                      onClick={[Function]}
                      rel={null}
                      target={null}
                    >
                      API repository
                    </a>
                  </li>
                  <li
                    className="column-row"
                  >
                    <a
                      className="column-link"
                      href="https://www.postman.com/product/tools/"
                      onClick={[Function]}
                      rel={null}
                      target={null}
                    >
                      Tools
                    </a>
                  </li>
                  <li
                    className="column-row"
                  >
                    <a
                      className="column-link"
                      href="https://www.postman.com/product/governance/"
                      onClick={[Function]}
                      rel={null}
                      target={null}
                    >
                      Governance
                    </a>
                  </li>
                  <li
                    className="column-row"
                  >
                    <a
                      className="column-link"
                      href="https://www.postman.com/product/workspaces/"
                      onClick={[Function]}
                      rel={null}
                      target={null}
                    >
                      Workspaces
                    </a>
                  </li>
                  <li
                    className="column-row"
                  >
                    <a
                      className="column-link"
                      href="https://www.postman.com/product/integrations/"
                      onClick={[Function]}
                      rel={null}
                      target={null}
                    >
                      Integrations
                    </a>
                  </li>
                  <li
                    className="column-row"
                  >
                    <a
                      className="column-link"
                      href="https://www.postman.com/postman-enterprise/"
                      onClick={[Function]}
                      rel={null}
                      target={null}
                    >
                      Enterprise
                    </a>
                  </li>
                  <li
                    className="column-row"
                  >
                    <a
                      className="column-link"
                      href="https://www.postman.com/pricing/"
                      onClick={[Function]}
                      rel={null}
                      target={null}
                    >
                      Plans and pricing
                    </a>
                  </li>
                  <li
                    className="column-row"
                  >
                    <a
                      className="column-link"
                      href="https://www.postman.com/downloads/"
                      onClick={[Function]}
                      rel={null}
                      target={null}
                    >
                      Download the app
                    </a>
                  </li>
                  <li
                    className="column-row"
                  >
                    <a
                      className="column-link"
                      href="https://support.postman.com/hc/en-us"
                      onClick={[Function]}
                      rel={null}
                      target={null}
                    >
                      Support Center
                    </a>
                  </li>
                </ul>
              </nav>
            </div>
            <div
              className="col-6 col-md-2 order-2 order-md-3"
            >
              <div>
                <nav
                  aria-labelledby="company"
                  className="mb-5"
                >
                  <h2
                    className="footer-col-title"
                    id="company"
                  >
                    Company
                  </h2>
                  <ul
                    className="sc-gsnTZi kIEZAF column"
                  >
                    <li
                      className="column-row"
                    >
                      <a
                        className="column-link"
                        href="https://www.postman.com/company/about-postman/"
                        onClick={[Function]}
                        rel={null}
                        target={null}
                      >
                        About
                      </a>
                    </li>
                    <li
                      className="column-row"
                    >
                      <a
                        className="column-link"
                        href="https://www.postman.com/company/careers/"
                        onClick={[Function]}
                        rel={null}
                        target={null}
                      >
                        Careers and culture
                      </a>
                    </li>
                    <li
                      className="column-row"
                    >
                      <a
                        className="column-link"
                        href="https://www.postman.com/company/press-media/"
                        onClick={[Function]}
                        rel={null}
                        target={null}
                      >
                        Press and media
                      </a>
                    </li>
                    <li
                      className="column-row"
                    >
                      <a
                        className="column-link"
                        href="https://www.postman.com/company/contact-us/"
                        onClick={[Function]}
                        rel={null}
                        target={null}
                      >
                        Contact us
                      </a>
                    </li>
                    <li
                      className="column-row"
                    >
                      <a
                        className="column-link"
                        href="https://www.postman.com/partner-program/"
                        onClick={[Function]}
                        rel={null}
                        target={null}
                      >
                        Partner program
                      </a>
                    </li>
                  </ul>
                </nav>
              </div>
              <div>
                <nav
                  aria-labelledby="legal-and-security"
                  className="mb-5"
                >
                  <h2
                    className="footer-col-title"
                    id="legal-and-security"
                  >
                    Legal and Security
                  </h2>
                  <ul
                    className="sc-gsnTZi kIEZAF column"
                  >
                    <li
                      className="column-row"
                    >
                      <a
                        className="column-link"
                        href="https://www.postman.com/legal/terms/"
                        onClick={[Function]}
                        rel={null}
                        target={null}
                      >
                        Terms of Service
                      </a>
                    </li>
                    <li
                      className="column-row"
                    >
                      <a
                        className="column-link"
                        href="https://www.postman.com/trust/"
                        onClick={[Function]}
                        rel={null}
                        target={null}
                      >
                        Trust and Safety
                      </a>
                    </li>
                    <li
                      className="column-row"
                    >
                      <a
                        className="column-link"
                        href="https://www.postman.com/legal/privacy-policy/"
                        onClick={[Function]}
                        rel={null}
                        target={null}
                      >
                        Privacy policy
                      </a>
                    </li>
                    <li
                      className="column-row"
                    >
                      <a
                        className="column-link"
                        href="https://www.postman.com/legal/cookies/"
                        onClick={[Function]}
                        rel={null}
                        target={null}
                      >
                        Cookie notice
                      </a>
                    </li>
                  </ul>
                </nav>
              </div>
            </div>
            <div
              className="col-6 col-md-2 order-3 order-md-4"
            >
              <nav
                aria-labelledby="api-categories"
              >
                <h2
                  className="footer-col-title"
                  id="api-categories"
                >
                  API Categories
                </h2>
                <ul
                  className="sc-gsnTZi kIEZAF column"
                >
                  <li
                    className="column-row"
                  >
                    <a
                      className="column-link"
                      href="https://www.postman.com/category/app-security"
                      onClick={[Function]}
                      rel={null}
                      target={null}
                    >
                      App Security
                    </a>
                  </li>
                  <li
                    className="column-row"
                  >
                    <a
                      className="column-link"
                      href="https://www.postman.com/category/payments"
                      onClick={[Function]}
                      rel={null}
                      target={null}
                    >
                      Payments
                    </a>
                  </li>
                  <li
                    className="column-row"
                  >
                    <a
                      className="column-link"
                      href="https://www.postman.com/category/financial-services"
                      onClick={[Function]}
                      rel={null}
                      target={null}
                    >
                      Financial Services
                    </a>
                  </li>
                  <li
                    className="column-row"
                  >
                    <a
                      className="column-link"
                      href="https://www.postman.com/category/devops"
                      onClick={[Function]}
                      rel={null}
                      target={null}
                    >
                      DevOps
                    </a>
                  </li>
                  <li
                    className="column-row"
                  >
                    <a
                      className="column-link"
                      href="https://www.postman.com/category/developer-productivity"
                      onClick={[Function]}
                      rel={null}
                      target={null}
                    >
                      Developer Productivity
                    </a>
                  </li>
                  <li
                    className="column-row"
                  >
                    <a
                      className="column-link"
                      href="https://www.postman.com/category/data-analytics"
                      onClick={[Function]}
                      rel={null}
                      target={null}
                    >
                      Data Analytics
                    </a>
                  </li>
                  <li
                    className="column-row"
                  >
                    <a
                      className="column-link"
                      href="https://www.postman.com/category/communication"
                      onClick={[Function]}
                      rel={null}
                      target={null}
                    >
                      Communication
                    </a>
                  </li>
                  <li
                    className="column-row"
                  >
                    <a
                      className="column-link"
                      href="https://www.postman.com/category/artificial-intelligence"
                      onClick={[Function]}
                      rel={null}
                      target={null}
                    >
                      Artificial Intelligence
                    </a>
                  </li>
                </ul>
              </nav>
            </div>
            <div
              className="col-6 col-md-2 order-4 order-md-5"
            >
              <div
                className="row"
              >
                <div
                  className="col-sm-12"
                >
                  <nav
                    aria-labelledby="social"
                    className="mb-5"
                  >
                    <h2
                      className="footer-col-title"
                      id="social"
                    >
                      Social
                    </h2>
                    <ul
                      className="sc-gsnTZi kIEZAF column"
                    >
                      <li
                        className="column-row"
                      >
                        <a
                          className="column-link"
                          href="https://twitter.com/getpostman"
                          onClick={[Function]}
                          rel={null}
                          target={null}
                        >
                          <div
                            style={
                              Object {
                                "alignItems": "center",
                                "display": "inline-block",
                              }
                            }
                          >
                            <img
                              fetchpriority="low"
                              loading="lazy"
                              src="https://voyager.postman.com/logo/external/twtr-logo-blue.svg"
                              style={
                                Object {
                                  "height": "16px",
                                  "marginBottom": "0",
                                  "marginRight": "1rem",
                                  "width": "16px",
                                }
                              }
                            />
                            <div
                              className="d-inline-block align-self-center"
                            >
                              Twitter
                            </div>
                          </div>
                        </a>
                      </li>
                      <li
                        className="column-row"
                      >
                        <a
                          className="column-link"
                          href="https://www.linkedin.com/company/postman-platform"
                          onClick={[Function]}
                          rel={null}
                          target={null}
                        >
                          <div
                            style={
                              Object {
                                "alignItems": "center",
                                "display": "inline-block",
                              }
                            }
                          >
                            <img
                              fetchpriority="low"
                              loading="lazy"
                              src="https://voyager.postman.com/logo/external/lnkdin-icon.svg"
                              style={
                                Object {
                                  "height": "16px",
                                  "marginBottom": "0",
                                  "marginRight": "1rem",
                                  "width": "16px",
                                }
                              }
                            />
                            <div
                              className="d-inline-block align-self-center"
                            >
                              LinkedIn
                            </div>
                          </div>
                        </a>
                      </li>
                      <li
                        className="column-row"
                      >
                        <a
                          className="column-link"
                          href="https://github.com/postmanlabs"
                          onClick={[Function]}
                          rel={null}
                          target={null}
                        >
                          <div
                            style={
                              Object {
                                "alignItems": "center",
                                "display": "inline-block",
                              }
                            }
                          >
                            <img
                              fetchpriority="low"
                              loading="lazy"
                              src="https://voyager.postman.com/logo/external/github-icon.svg"
                              style={
                                Object {
                                  "height": "16px",
                                  "marginBottom": "0",
                                  "marginRight": "1rem",
                                  "width": "16px",
                                }
                              }
                            />
                            <div
                              className="d-inline-block align-self-center"
                            >
                              GitHub
                            </div>
                          </div>
                        </a>
                      </li>
                      <li
                        className="column-row"
                      >
                        <a
                          className="column-link"
                          href="https://www.youtube.com/c/Postman"
                          onClick={[Function]}
                          rel={null}
                          target={null}
                        >
                          <div
                            style={
                              Object {
                                "alignItems": "center",
                                "display": "inline-block",
                              }
                            }
                          >
                            <img
                              fetchpriority="low"
                              loading="lazy"
                              src="https://voyager.postman.com/logo/external/yt-icon.svg"
                              style={
                                Object {
                                  "height": "16px",
                                  "marginBottom": "0",
                                  "marginRight": "1rem",
                                  "width": "16px",
                                }
                              }
                            />
                            <div
                              className="d-inline-block align-self-center"
                            >
                              YouTube
                            </div>
                          </div>
                        </a>
                      </li>
                      <li
                        className="column-row"
                      >
                        <a
                          className="column-link"
                          href="https://www.twitch.tv/getpostman"
                          onClick={[Function]}
                          rel={null}
                          target={null}
                        >
                          <div
                            style={
                              Object {
                                "alignItems": "center",
                                "display": "inline-block",
                              }
                            }
                          >
                            <img
                              fetchpriority="low"
                              loading="lazy"
                              src="https://voyager.postman.com/logo/external/twitch-icon.svg"
                              style={
                                Object {
                                  "height": "16px",
                                  "marginBottom": "0",
                                  "marginRight": "1rem",
                                  "width": "16px",
                                }
                              }
                            />
                            <div
                              className="d-inline-block align-self-center"
                            >
                              Twitch
                            </div>
                          </div>
                        </a>
                      </li>
                    </ul>
                  </nav>
                </div>
              </div>
            </div>
            <div
              className="col-12 d-block d-md-none text-center order-last"
            >
              <span
                className="col-12 copyright"
              >
                Â© 2023 Postman, Inc.
              </span>
            </div>
          </div>
        </div>
      </div>
    </div>
  </section>
</footer>
`;
